Microchip MPLAB XC8 Compiler V2.45

Linker command line:

-W-3 \
  --edf=C:\Program Files\Microchip\xc8\v2.45\pic\dat\20230818022343_en.msgs \
  -cn -h+dist/default/production\ProjSemestral_v3.X.production.sym \
  --cmf=dist/default/production\ProjSemestral_v3.X.production.cmf -z \
  -Q16F1619 -oC:\Users\guix2\AppData\Local\Temp\xcAs9o8.\driver_tmp_3.o \
  --defsym=__MPLAB_BUILD=1 --fixupoverflow=error \
  -Mdist/default/production/ProjSemestral_v3.X.production.map \
  --md=C:\Users\guix2\AppData\Local\Temp\xcAs9o8.\driver_tmp_0.dat -E1 \
  -ver=XC8 Compiler --acfsm=1493 -ACODE=00h-07FFhx4 -ASTRCODE=00h-01FFFh \
  -ASTRING=00h-0FFhx32 -ACONST=00h-0FFhx32 -AENTRY=00h-0FFhx32 \
  -ACOMMON=070h-07Fh -ABANK0=020h-06Fh -ABANK1=0A0h-0EFh \
  -ABANK2=0120h-016Fh -ABANK3=01A0h-01EFh -ABANK4=0220h-026Fh \
  -ABANK5=02A0h-02EFh -ABANK6=0320h-036Fh -ABANK7=03A0h-03EFh \
  -ABANK8=0420h-046Fh -ABANK9=04A0h-04EFh -ABANK10=0520h-056Fh \
  -ABANK11=05A0h-05EFh -ABANK12=0620h-064Fh -ABIGRAM=02000h-023EFh \
  -ARAM=020h-06Fh,0A0h-0EFh,0120h-016Fh,01A0h-01EFh,0220h-026Fh,02A0h-02EFh,0320h-036Fh,03A0h-03EFh,0420h-046Fh,04A0h-04EFh,0520h-056Fh,05A0h-05EFh,0620h-064Fh \
  -AABS1=020h-07Fh,0A0h-0EFh,0120h-016Fh,01A0h-01EFh,0220h-026Fh,02A0h-02EFh,0320h-036Fh,03A0h-03EFh,0420h-046Fh,04A0h-04EFh,0520h-056Fh,05A0h-05EFh,0620h-064Fh \
  -ASFR0=00h-01Fh -ASFR1=080h-09Fh -ASFR2=0100h-011Fh -ASFR3=0180h-019Fh \
  -ASFR4=0200h-021Fh -ASFR5=0280h-029Fh -ASFR6=0300h-031Fh \
  -ASFR7=0380h-039Fh -ASFR8=0400h-041Fh -ASFR9=0480h-049Fh \
  -ASFR10=0500h-051Fh -ASFR11=0580h-059Fh -ASFR12=0600h-061Fh \
  -ASFR13=0680h-06EFh -ASFR14=0700h-076Fh -ASFR15=0780h-07EFh \
  -ASFR16=0800h-086Fh -ASFR17=0880h-08EFh -ASFR18=0900h-096Fh \
  -ASFR19=0980h-09EFh -ASFR20=0A00h-0A6Fh -ASFR21=0A80h-0AEFh \
  -ASFR22=0B00h-0B6Fh -ASFR23=0B80h-0BEFh -ASFR24=0C00h-0C6Fh \
  -ASFR25=0C80h-0CEFh -ASFR26=0D00h-0D6Fh -ASFR27=0D80h-0DEFh \
  -ASFR28=0E00h-0E6Fh -ASFR29=0E80h-0EEFh -ASFR30=0F00h-0F6Fh \
  -ASFR31=0F80h-0FEFh -ACONFIG=08007h-08009h -DCONFIG=2 \
  -AIDLOC=08000h-08003h -DIDLOC=2 -DCODE=2 -DSTRCODE=2 -DSTRING=2 -DCONST=2 \
  -DENTRY=2 -preset_vec=00h,intentry,init,end_init -ppowerup=CODE \
  -pcinit=CODE -pfunctab=ENTRY -k \
  C:\Users\guix2\AppData\Local\Temp\xcAs9o8.\driver_tmp_17.o \
  dist/default/production\ProjSemestral_v3.X.production.o 

Object code version is 3.11

Machine type is 16F1619



                Name                               Link     Load   Length Selector   Space Scale
C:\Users\guix2\AppData\Local\Temp\xcAs9o8.\driver_tmp_17.o
                end_init                              2        2        2        0       0
                reset_vec                             0        0        2        0       0
                config                             8007     8007        3        0       4
dist/default/production\ProjSemestral_v3.X.production.o
                cinit                               7EB      7EB       15      FD6       0
                config                             8007     8007        3        0       4
                text34                             1384     1384       19     2708       0
                text33                             1302     1302        6     2604       0
                text32                             1308     1308        6     2610       0
                text31                             130E     130E        6     261C       0
                text30                             13F6     13F6       22     27EC       0
                text29                                6        6        7        C       0
                text28                             1489     1489       33     2912       0
                text27                             132A     132A        B     2654       0
                text26                             1335     1335        B     266A       0
                text25                             134B     134B       10     2696       0
                text24                                D        D       AA       1A       0
                text23                              803      803      1AA     1006       0
                text22                             14EF     14EF       4E     29DE       0
                text21                             168A     168A       8B     2D14       0
                text20                             1418     1418       23     2830       0
                text19                              DC5      DC5      23B     1B8A       0
                text18                             1340     1340        B     2680       0
                text17                              9AD      9AD      20C     135A       0
                text16                             13D6     13D6       20     27AC       0
                text15                             159A     159A       71     2B34       0
                text14                             160B     160B       7F     2C16       0
                text13                             1715     1715       EB     2E2A       0
                text12                             136F     136F       15     26DE       0
                text11                             143B     143B       27     2876       0
                text10                             1320     1320        A     2640       0
                text9                              1314     1314        6     2628       0
                text8                              153D     153D       5D     2A7A       0
                text7                              1462     1462       27     28C4       0
                text6                              14BC     14BC       33     2978       0
                text5                              139D     139D       1B     273A       0
                text4                               1A2      1A2      649      344       0
                text3                                B7       B7       EB      16E       0
                text2                              13B8     13B8       1E     2770       0
                text1                              135B     135B       14     26B6       0
                maintext                            BB9      BB9      20C     1772       0
                cstackBANK0                          20       20       50       20       1
                cstackCOMMON                         70       70        E       70       1
                cstackBANK1                          A0       A0       4F       A0       1
                cstackBANK2                         13D      13D        C      120       1
                clrtext                            131A     131A        6     2634       0
                bssBANK3                            1A0      1A0       50      1A0       1
                bssBANK2                            120      120       1D      120       1
                bssBANK1                             EF       EF        1       A0       1
                stringtext6                        184C     184C        4     3000       0
                stringtext5                        1848     1848        4     3000       0
                stringtext4                        183B     183B        D     3000       0
                stringtext3                        182A     182A       11     3000       0
                stringtext2                        1819     1819       11     3000       0
                stringtext1                        1800     1800       19     3000       0
                nvBANK2                             149      149        6      120       1

TOTAL           Name                               Link     Load   Length     Space
        CLASS   CODE           
                end_init                              2        2        2         0
                cinit                               7EB      7EB       15         0
                reset_vec                             0        0        2         0
                text34                             1384     1384       19         0
                text33                             1302     1302        6         0
                text32                             1308     1308        6         0
                text31                             130E     130E        6         0
                text30                             13F6     13F6       22         0
                text29                                6        6        7         0
                text28                             1489     1489       33         0
                text27                             132A     132A        B         0
                text26                             1335     1335        B         0
                text25                             134B     134B       10         0
                text24                                D        D       AA         0
                text23                              803      803      1AA         0
                text22                             14EF     14EF       4E         0
                text21                             168A     168A       8B         0
                text20                             1418     1418       23         0
                text19                              DC5      DC5      23B         0
                text18                             1340     1340        B         0
                text17                              9AD      9AD      20C         0
                text16                             13D6     13D6       20         0
                text15                             159A     159A       71         0
                text14                             160B     160B       7F         0
                text13                             1715     1715       EB         0
                text12                             136F     136F       15         0
                text11                             143B     143B       27         0
                text10                             1320     1320        A         0
                text9                              1314     1314        6         0
                text8                              153D     153D       5D         0
                text7                              1462     1462       27         0
                text6                              14BC     14BC       33         0
                text5                              139D     139D       1B         0
                text4                               1A2      1A2      649         0
                text3                                B7       B7       EB         0
                text2                              13B8     13B8       1E         0
                text1                              135B     135B       14         0
                maintext                            BB9      BB9      20C         0
                clrtext                            131A     131A        6         0

        CLASS   STRCODE        
                stringtext6                        184C     184C        4         0
                stringtext5                        1848     1848        4         0
                stringtext4                        183B     183B        D         0
                stringtext3                        182A     182A       11         0
                stringtext2                        1819     1819       11         0
                stringtext1                        1800     1800       19         0

        CLASS   STRING         

        CLASS   CONST          

        CLASS   ENTRY          

        CLASS   COMMON         
                cstackCOMMON                         70       70        E         1

        CLASS   BANK0          
                cstackBANK0                          20       20       50         1

        CLASS   BANK1          
                cstackBANK1                          A0       A0       4F         1
                bssBANK1                             EF       EF        1         1

        CLASS   BANK2          
                cstackBANK2                         13D      13D        C         1
                bssBANK2                            120      120       1D         1
                nvBANK2                             149      149        6         1

        CLASS   BANK3          
                bssBANK3                            1A0      1A0       50         1

        CLASS   BANK4          

        CLASS   BANK5          

        CLASS   BANK6          

        CLASS   BANK7          

        CLASS   BANK8          

        CLASS   BANK9          

        CLASS   BANK10         

        CLASS   BANK11         

        CLASS   BANK12         

        CLASS   BIGRAM         

        CLASS   RAM            

        CLASS   ABS1           
                abs_s1                               7E       7E        2         1

        CLASS   SFR0           

        CLASS   SFR1           

        CLASS   SFR2           

        CLASS   SFR3           

        CLASS   SFR4           

        CLASS   SFR5           

        CLASS   SFR6           

        CLASS   SFR7           

        CLASS   SFR8           

        CLASS   SFR9           

        CLASS   SFR10          

        CLASS   SFR11          

        CLASS   SFR12          

        CLASS   SFR13          

        CLASS   SFR14          

        CLASS   SFR15          

        CLASS   SFR16          

        CLASS   SFR17          

        CLASS   SFR18          

        CLASS   SFR19          

        CLASS   SFR20          

        CLASS   SFR21          

        CLASS   SFR22          

        CLASS   SFR23          

        CLASS   SFR24          

        CLASS   SFR25          

        CLASS   SFR26          

        CLASS   SFR27          

        CLASS   SFR28          

        CLASS   SFR29          

        CLASS   SFR30          

        CLASS   SFR31          

        CLASS   CONFIG         
                config                             8007     8007        3         4

        CLASS   IDLOC          

        CLASS   BANK31         

        CLASS   BANK30         

        CLASS   BANK29         

        CLASS   BANK28         

        CLASS   BANK27         

        CLASS   BANK26         

        CLASS   BANK25         

        CLASS   BANK24         

        CLASS   BANK23         

        CLASS   BANK22         

        CLASS   BANK21         

        CLASS   BANK20         

        CLASS   BANK19         

        CLASS   BANK18         

        CLASS   BANK17         

        CLASS   BANK16         

        CLASS   BANK15         

        CLASS   BANK14         

        CLASS   BANK13         

        CLASS   HEAP           

        CLASS   STACK          

        CLASS   EEDATA         



SEGMENTS        Name                           Load    Length   Top    Selector   Space  Class     Delta

                reset_vec                      000000  000004  000004         0       0  CODE        2
                text29                         000006  000007  00000D         C       0  CODE        2
                text24                         00000D  0000AA  0000B7        1A       0  CODE        2
                cstackBANK0                    000020  000050  000070        20       1  BANK0       1
                cstackCOMMON                   000070  00000E  00007E        70       1  COMMON      1
                cstackBANK1                    0000A0  000050  0000F0        A0       1  BANK1       1
                bssBANK2                       000120  00002F  00014F       120       1  BANK2       1
                text3                          0000B7  0000EB  0001A2       16E       0  CODE        2
                bssBANK3                       0001A0  000050  0001F0       1A0       1  BANK3       1
                text4                          0001A2  000649  0007EB       344       0  CODE        2
                cinit                          0007EB  000015  000800       FD6       0  CODE        2
                text23                         000803  0001AA  0009AD      1006       0  CODE        2
                text17                         0009AD  00020C  000BB9      135A       0  CODE        2
                maintext                       000BB9  00020C  000DC5      1772       0  CODE        2
                text19                         000DC5  00023B  001000      1B8A       0  CODE        2
                text33                         001302  000006  001308      2604       0  CODE        2
                text32                         001308  000006  00130E      2610       0  CODE        2
                text31                         00130E  000006  001314      261C       0  CODE        2
                text9                          001314  000006  00131A      2628       0  CODE        2
                clrtext                        00131A  000006  001320      2634       0  CODE        2
                text10                         001320  00000A  00132A      2640       0  CODE        2
                text27                         00132A  00000B  001335      2654       0  CODE        2
                text26                         001335  00000B  001340      266A       0  CODE        2
                text18                         001340  00000B  00134B      2680       0  CODE        2
                text25                         00134B  000010  00135B      2696       0  CODE        2
                text1                          00135B  000014  00136F      26B6       0  CODE        2
                text12                         00136F  000015  001384      26DE       0  CODE        2
                text34                         001384  000019  00139D      2708       0  CODE        2
                text5                          00139D  00001B  0013B8      273A       0  CODE        2
                text2                          0013B8  00001E  0013D6      2770       0  CODE        2
                text16                         0013D6  000020  0013F6      27AC       0  CODE        2
                text30                         0013F6  000022  001418      27EC       0  CODE        2
                text20                         001418  000023  00143B      2830       0  CODE        2
                text11                         00143B  000027  001462      2876       0  CODE        2
                text7                          001462  000027  001489      28C4       0  CODE        2
                text28                         001489  000033  0014BC      2912       0  CODE        2
                text6                          0014BC  000033  0014EF      2978       0  CODE        2
                text22                         0014EF  00004E  00153D      29DE       0  CODE        2
                text8                          00153D  00005D  00159A      2A7A       0  CODE        2
                text15                         00159A  000071  00160B      2B34       0  CODE        2
                text14                         00160B  00007F  00168A      2C16       0  CODE        2
                text21                         00168A  00008B  001715      2D14       0  CODE        2
                text13                         001715  0000EB  001800      2E2A       0  CODE        2
                stringtext1                    001800  000050  001850      3000       0  STRCODE     2


UNUSED ADDRESS RANGES

        Name                Unused          Largest block    Delta
        BANK10           00520-0056F              50           1
        BANK11           005A0-005EF              50           1
        BANK12           00620-0064F              30           1
        BANK2            0014F-0016F              21           1
        BANK4            00220-0026F              50           1
        BANK5            002A0-002EF              50           1
        BANK6            00320-0036F              50           1
        BANK7            003A0-003EF              50           1
        BANK8            00420-0046F              50           1
        BANK9            004A0-004EF              50           1
        BIGRAM           02000-023EF             3F0           1
        CODE             00004-00005               2           2
                         00800-00802               3
                         01000-01301             302
                         01850-01FFF             7B0
        CONST            00004-00005               2           2
                         00800-00802               3
                         01000-01301             100
                         01850-01FFF             100
        ENTRY            00004-00005               2           2
                         00800-00802               3
                         01000-01301             100
                         01850-01FFF             100
        IDLOC            08000-08003               4           2
        RAM              0014F-0016F              21           1
                         00220-0026F              50
                         002A0-002EF              50
                         00320-0036F              50
                         003A0-003EF              50
                         00420-0046F              50
                         004A0-004EF              50
                         00520-0056F              50
                         005A0-005EF              50
                         00620-0064F              30
        SFR0             00000-0001F              20           1
        SFR1             00080-0009F              20           1
        SFR10            00500-0051F              20           1
        SFR11            00580-0059F              20           1
        SFR12            00600-0061F              20           1
        SFR13            00680-006EF              70           1
        SFR14            00700-0076F              70           1
        SFR15            00780-007EF              70           1
        SFR16            00800-0086F              70           1
        SFR17            00880-008EF              70           1
        SFR18            00900-0096F              70           1
        SFR19            00980-009EF              70           1
        SFR2             00100-0011F              20           1
        SFR20            00A00-00A6F              70           1
        SFR21            00A80-00AEF              70           1
        SFR22            00B00-00B6F              70           1
        SFR23            00B80-00BEF              70           1
        SFR24            00C00-00C6F              70           1
        SFR25            00C80-00CEF              70           1
        SFR26            00D00-00D6F              70           1
        SFR27            00D80-00DEF              70           1
        SFR28            00E00-00E6F              70           1
        SFR29            00E80-00EEF              70           1
        SFR3             00180-0019F              20           1
        SFR30            00F00-00F6F              70           1
        SFR31            00F80-00FEF              70           1
        SFR4             00200-0021F              20           1
        SFR5             00280-0029F              20           1
        SFR6             00300-0031F              20           1
        SFR7             00380-0039F              20           1
        SFR8             00400-0041F              20           1
        SFR9             00480-0049F              20           1
        STRCODE          00004-00005               2           2
                         00800-00802               3
                         01000-01301             302
                         01850-01FFF             7B0
        STRING           00004-00005               2           2
                         00800-00802               3
                         01000-01301             100
                         01850-01FFF             100

                                  Symbol Table

?__Umul8_16                                    cstackCOMMON 00070
?___fladd                                      cstackCOMMON 00070
?___fldiv                                      cstackBANK0  00042
?___flmul                                      cstackBANK0  00020
?___flneg                                      cstackCOMMON 00070
?___flsub                                      cstackBANK0  0003A
?___fltol                                      cstackBANK0  0003A
?___fpclassifyf                                cstackCOMMON 00070
?___xxtofl                                     cstackCOMMON 00070
?_floorf                                       cstackBANK0  0005C
?_labs                                         cstackCOMMON 00070
?_printf                                       cstackBANK2  0013D
?_vfprintf                                     cstackBANK1  000E6
EUSART_SetErrorHandler@interruptHandler        cstackCOMMON 00070
EUSART_SetFramingErrorHandler@interruptHandler cstackCOMMON 00070
EUSART_SetOverrunErrorHandler@interruptHandler cstackCOMMON 00070
EUSART_Write@txData                            cstackCOMMON 00070
PWM3_LoadDutyValue@dutyValue                   cstackBANK0  00044
_ANSELA                                        (abs)        0018C
_ANSELB                                        (abs)        0018D
_ANSELC                                        (abs)        0018E
_BAUD1CON                                      (abs)        0019F
_BORCON                                        (abs)        00116
_CCPTMRSbits                                   (abs)        0029E
_E                                             bssBANK2     00128
_EUSART_DefaultErrorHandler                    (abs)        00000
_EUSART_DefaultFramingErrorHandler             (abs)        00000
_EUSART_DefaultOverrunErrorHandler             (abs)        00000
_EUSART_ErrorHandler                           nvBANK2      00149
_EUSART_FramingErrorHandler                    nvBANK2      0014D
_EUSART_Initialize                             text30       013F6
_EUSART_OverrunErrorHandler                    nvBANK2      0014B
_EUSART_SetErrorHandler                        text33       01302
_EUSART_SetFramingErrorHandler                 text32       01308
_EUSART_SetOverrunErrorHandler                 text31       0130E
_EUSART_Write                                  text10       01320
_INLVLA                                        (abs)        0038C
_INLVLB                                        (abs)        0038D
_INLVLC                                        (abs)        0038E
_LATA                                          (abs)        0010C
_LATAbits                                      (abs)        0010C
_LATB                                          (abs)        0010D
_LATC                                          (abs)        0010E
_LATCbits                                      (abs)        0010E
_ODCONA                                        (abs)        0028C
_ODCONB                                        (abs)        0028D
_ODCONC                                        (abs)        0028E
_OPTION_REGbits                                (abs)        00095
_OSCCON                                        (abs)        00099
_OSCILLATOR_Initialize                         text29       00006
_OSCTUNE                                       (abs)        00098
_PIN_MANAGER_Initialize                        text28       01489
_PIR1bits                                      (abs)        00010
_PORTAbits                                     (abs)        0000C
_PR2                                           (abs)        0001B
_PWM3CON                                       (abs)        00619
_PWM3DCH                                       (abs)        00618
_PWM3DCL                                       (abs)        00617
_PWM3_Initialize                               text27       0132A
_PWM3_LoadDutyValue                            text34       01384
_RA0PPS                                        (abs)        00E90
_RB7PPS                                        (abs)        00E9F
_RC1REG                                        (abs)        00199
_RC1STA                                        (abs)        0019D
_RC1STAbits                                    (abs)        0019D
_RXPPS                                         (abs)        00E24
_SAIDA                                         bssBANK2     0012C
_SAIDA_PWM                                     bssBANK2     00139
_SLRCONA                                       (abs)        0030C
_SLRCONB                                       (abs)        0030D
_SLRCONC                                       (abs)        0030E
_SPBRGH                                        (abs)        0019C
_SPBRGL                                        (abs)        0019B
_SYSTEM_Initialize                             text25       0134B
_T2CLKCON                                      (abs)        0001E
_T2CON                                         (abs)        0001C
_T2CONbits                                     (abs)        0001C
_T2HLT                                         (abs)        0001D
_T2HLTbits                                     (abs)        0001D
_T2PR                                          (abs)        0001B
_T2RST                                         (abs)        0001F
_T2RSTbits                                     (abs)        0001F
_T2TMR                                         (abs)        0001A
_TMR1H                                         (abs)        00017
_TMR1L                                         (abs)        00016
_TMR1ON                                        (abs)        000C0
_TMR2                                          (abs)        0001A
_TMR2_Initialize                               text26       01335
_TRISA                                         (abs)        0008C
_TRISB                                         (abs)        0008D
_TRISC                                         (abs)        0008E
_TX1REG                                        (abs)        0019A
_TX1STA                                        (abs)        0019E
_TX1STAbits                                    (abs)        0019E
_WPUA                                          (abs)        0020C
_WPUB                                          (abs)        0020D
_WPUC                                          (abs)        0020E
__H__absolute__                                __absolute__ 00000
__Habs1                                        abs1         00000
__Hbank0                                       bank0        00000
__Hbank1                                       bank1        00000
__Hbank10                                      bank10       00000
__Hbank11                                      bank11       00000
__Hbank12                                      bank12       00000
__Hbank13                                      bank13       00000
__Hbank14                                      bank14       00000
__Hbank15                                      bank15       00000
__Hbank16                                      bank16       00000
__Hbank17                                      bank17       00000
__Hbank18                                      bank18       00000
__Hbank19                                      bank19       00000
__Hbank2                                       bank2        00000
__Hbank20                                      bank20       00000
__Hbank21                                      bank21       00000
__Hbank22                                      bank22       00000
__Hbank23                                      bank23       00000
__Hbank24                                      bank24       00000
__Hbank25                                      bank25       00000
__Hbank26                                      bank26       00000
__Hbank27                                      bank27       00000
__Hbank28                                      bank28       00000
__Hbank29                                      bank29       00000
__Hbank3                                       bank3        00000
__Hbank30                                      bank30       00000
__Hbank31                                      bank31       00000
__Hbank4                                       bank4        00000
__Hbank5                                       bank5        00000
__Hbank6                                       bank6        00000
__Hbank7                                       bank7        00000
__Hbank8                                       bank8        00000
__Hbank9                                       bank9        00000
__Hbigram                                      bigram       00000
__HbssBANK1                                    bssBANK1     00000
__HbssBANK2                                    bssBANK2     00000
__HbssBANK3                                    bssBANK3     00000
__Hcinit                                       cinit        00800
__Hclrtext                                     clrtext      00000
__Hcode                                        code         00000
__Hcommon                                      common       00000
__Hconfig                                      config       0800A
__HcstackBANK0                                 cstackBANK0  00000
__HcstackBANK1                                 cstackBANK1  00000
__HcstackBANK2                                 cstackBANK2  00000
__HcstackCOMMON                                cstackCOMMON 00000
__Heeprom_data                                 eeprom_data  00000
__Hend_init                                    end_init     00004
__Hfunctab                                     functab      00000
__Hheap                                        heap         00000
__Hinit                                        init         00002
__Hintentry                                    intentry     00002
__Hmaintext                                    maintext     00000
__HnvBANK2                                     nvBANK2      00000
__Hpowerup                                     powerup      00000
__Hram                                         ram          00000
__Hreset_vec                                   reset_vec    00002
__Hsfr0                                        sfr0         00000
__Hsfr1                                        sfr1         00000
__Hsfr10                                       sfr10        00000
__Hsfr11                                       sfr11        00000
__Hsfr12                                       sfr12        00000
__Hsfr13                                       sfr13        00000
__Hsfr14                                       sfr14        00000
__Hsfr15                                       sfr15        00000
__Hsfr16                                       sfr16        00000
__Hsfr17                                       sfr17        00000
__Hsfr18                                       sfr18        00000
__Hsfr19                                       sfr19        00000
__Hsfr2                                        sfr2         00000
__Hsfr20                                       sfr20        00000
__Hsfr21                                       sfr21        00000
__Hsfr22                                       sfr22        00000
__Hsfr23                                       sfr23        00000
__Hsfr24                                       sfr24        00000
__Hsfr25                                       sfr25        00000
__Hsfr26                                       sfr26        00000
__Hsfr27                                       sfr27        00000
__Hsfr28                                       sfr28        00000
__Hsfr29                                       sfr29        00000
__Hsfr3                                        sfr3         00000
__Hsfr30                                       sfr30        00000
__Hsfr31                                       sfr31        00000
__Hsfr4                                        sfr4         00000
__Hsfr5                                        sfr5         00000
__Hsfr6                                        sfr6         00000
__Hsfr7                                        sfr7         00000
__Hsfr8                                        sfr8         00000
__Hsfr9                                        sfr9         00000
__Hspace_0                                     (abs)        01850
__Hspace_1                                     (abs)        001F0
__Hspace_2                                     (abs)        00000
__Hspace_3                                     (abs)        00000
__Hspace_4                                     (abs)        10011
__Hstack                                       stack        00000
__Hstrings                                     strings      00000
__Hstringtext1                                 stringtext1  00000
__Hstringtext2                                 stringtext2  00000
__Hstringtext3                                 stringtext3  00000
__Hstringtext4                                 stringtext4  00000
__Hstringtext5                                 stringtext5  00000
__Hstringtext6                                 stringtext6  00000
__Hstringtext7                                 stringtext7  00000
__Htext                                        text         00000
__L__absolute__                                __absolute__ 00000
__Labs1                                        abs1         00000
__Lbank0                                       bank0        00000
__Lbank1                                       bank1        00000
__Lbank10                                      bank10       00000
__Lbank11                                      bank11       00000
__Lbank12                                      bank12       00000
__Lbank13                                      bank13       00000
__Lbank14                                      bank14       00000
__Lbank15                                      bank15       00000
__Lbank16                                      bank16       00000
__Lbank17                                      bank17       00000
__Lbank18                                      bank18       00000
__Lbank19                                      bank19       00000
__Lbank2                                       bank2        00000
__Lbank20                                      bank20       00000
__Lbank21                                      bank21       00000
__Lbank22                                      bank22       00000
__Lbank23                                      bank23       00000
__Lbank24                                      bank24       00000
__Lbank25                                      bank25       00000
__Lbank26                                      bank26       00000
__Lbank27                                      bank27       00000
__Lbank28                                      bank28       00000
__Lbank29                                      bank29       00000
__Lbank3                                       bank3        00000
__Lbank30                                      bank30       00000
__Lbank31                                      bank31       00000
__Lbank4                                       bank4        00000
__Lbank5                                       bank5        00000
__Lbank6                                       bank6        00000
__Lbank7                                       bank7        00000
__Lbank8                                       bank8        00000
__Lbank9                                       bank9        00000
__Lbigram                                      bigram       00000
__LbssBANK1                                    bssBANK1     00000
__LbssBANK2                                    bssBANK2     00000
__LbssBANK3                                    bssBANK3     00000
__Lcinit                                       cinit        007EB
__Lclrtext                                     clrtext      00000
__Lcode                                        code         00000
__Lcommon                                      common       00000
__Lconfig                                      config       00000
__LcstackBANK0                                 cstackBANK0  00000
__LcstackBANK1                                 cstackBANK1  00000
__LcstackBANK2                                 cstackBANK2  00000
__LcstackCOMMON                                cstackCOMMON 00000
__Leeprom_data                                 eeprom_data  00000
__Lend_init                                    end_init     00002
__Lfunctab                                     functab      00000
__Lheap                                        heap         00000
__Linit                                        init         00002
__Lintentry                                    intentry     00002
__Lmaintext                                    maintext     00000
__LnvBANK2                                     nvBANK2      00000
__Lpowerup                                     powerup      00000
__Lram                                         ram          00000
__Lreset_vec                                   reset_vec    00000
__Lsfr0                                        sfr0         00000
__Lsfr1                                        sfr1         00000
__Lsfr10                                       sfr10        00000
__Lsfr11                                       sfr11        00000
__Lsfr12                                       sfr12        00000
__Lsfr13                                       sfr13        00000
__Lsfr14                                       sfr14        00000
__Lsfr15                                       sfr15        00000
__Lsfr16                                       sfr16        00000
__Lsfr17                                       sfr17        00000
__Lsfr18                                       sfr18        00000
__Lsfr19                                       sfr19        00000
__Lsfr2                                        sfr2         00000
__Lsfr20                                       sfr20        00000
__Lsfr21                                       sfr21        00000
__Lsfr22                                       sfr22        00000
__Lsfr23                                       sfr23        00000
__Lsfr24                                       sfr24        00000
__Lsfr25                                       sfr25        00000
__Lsfr26                                       sfr26        00000
__Lsfr27                                       sfr27        00000
__Lsfr28                                       sfr28        00000
__Lsfr29                                       sfr29        00000
__Lsfr3                                        sfr3         00000
__Lsfr30                                       sfr30        00000
__Lsfr31                                       sfr31        00000
__Lsfr4                                        sfr4         00000
__Lsfr5                                        sfr5         00000
__Lsfr6                                        sfr6         00000
__Lsfr7                                        sfr7         00000
__Lsfr8                                        sfr8         00000
__Lsfr9                                        sfr9         00000
__Lspace_0                                     (abs)        00000
__Lspace_1                                     (abs)        00000
__Lspace_2                                     (abs)        00000
__Lspace_3                                     (abs)        00000
__Lspace_4                                     (abs)        00000
__Lstack                                       stack        00000
__Lstrings                                     strings      00000
__Lstringtext1                                 stringtext1  00000
__Lstringtext2                                 stringtext2  00000
__Lstringtext3                                 stringtext3  00000
__Lstringtext4                                 stringtext4  00000
__Lstringtext5                                 stringtext5  00000
__Lstringtext6                                 stringtext6  00000
__Lstringtext7                                 stringtext7  00000
__Ltext                                        text         00000
__S0                                           (abs)        01850
__S1                                           (abs)        001F0
__Umul8_16                                     text20       01418
__Umul8_16@multiplicand                        cstackCOMMON 00070
__Umul8_16@multiplier                          cstackCOMMON 00078
__Umul8_16@product                             cstackCOMMON 00074
__Umul8_16@word_mpld                           cstackCOMMON 00076
___fladd                                       text17       009AD
___fladd@a                                     cstackCOMMON 00074
___fladd@aexp                                  cstackCOMMON 00079
___fladd@b                                     cstackCOMMON 00070
___fladd@bexp                                  cstackCOMMON 0007A
___fladd@grs                                   cstackCOMMON 0007B
___fladd@signs                                 cstackCOMMON 00078
___fldiv                                       text23       00803
___fldiv@a                                     cstackBANK0  00042
___fldiv@aexp                                  cstackBANK0  0005B
___fldiv@b                                     cstackBANK0  00046
___fldiv@bexp                                  cstackBANK0  0005A
___fldiv@grs                                   cstackBANK0  00056
___fldiv@new_exp                               cstackBANK0  00054
___fldiv@rem                                   cstackBANK0  0004F
___fldiv@sign                                  cstackBANK0  00053
___fleq                                        text22       014EF
___fleq@ff1                                    cstackCOMMON 00070
___fleq@ff2                                    cstackCOMMON 00074
___flge                                        text21       0168A
___flge@ff1                                    cstackBANK0  0003A
___flge@ff2                                    cstackBANK0  0003E
___flmul                                       text19       00DC5
___flmul@a                                     cstackBANK0  00024
___flmul@aexp                                  cstackBANK0  00032
___flmul@b                                     cstackBANK0  00020
___flmul@bexp                                  cstackBANK0  00033
___flmul@grs                                   cstackBANK0  0002E
___flmul@prod                                  cstackBANK0  00034
___flmul@sign                                  cstackBANK0  0002D
___flmul@temp                                  cstackBANK0  00038
___flneg                                       text18       01340
___flneg@f1                                    cstackCOMMON 00070
___flsub                                       text16       013D6
___flsub@a                                     cstackBANK0  0003A
___flsub@b                                     cstackBANK0  0003E
___fltol                                       text15       0159A
___fltol@exp1                                  cstackBANK0  00043
___fltol@f1                                    cstackBANK0  0003A
___fltol@sign1                                 cstackBANK0  00042
___fpclassifyf                                 text14       0160B
___fpclassifyf@F465                            bssBANK2     00124
___fpclassifyf@e                               cstackBANK0  00020
___fpclassifyf@u                               cstackBANK0  00022
___fpclassifyf@x                               cstackCOMMON 00070
___heap_hi                                     (abs)        00000
___heap_lo                                     (abs)        00000
___int_sp                                      stack        00000
___int_stack_hi                                stack        00000
___int_stack_lo                                stack        00000
___latbits                                     (abs)        00002
___sp                                          stack        00000
___stack_hi                                    stack        00000
___stack_lo                                    stack        00000
___stackhi                                     (abs)        00000
___stacklo                                     (abs)        00000
___xxtofl                                      text24       0000D
___xxtofl@arg                                  cstackCOMMON 0007A
___xxtofl@exp                                  cstackCOMMON 00079
___xxtofl@sign                                 cstackCOMMON 00078
___xxtofl@val                                  cstackCOMMON 00070
__end_of_EUSART_Initialize                     text30       01418
__end_of_EUSART_SetErrorHandler                text33       01308
__end_of_EUSART_SetFramingErrorHandler         text32       0130E
__end_of_EUSART_SetOverrunErrorHandler         text31       01314
__end_of_EUSART_Write                          text10       0132A
__end_of_OSCILLATOR_Initialize                 text29       0000D
__end_of_PIN_MANAGER_Initialize                text28       014BC
__end_of_PWM3_Initialize                       text27       01335
__end_of_PWM3_LoadDutyValue                    text34       0139D
__end_of_SYSTEM_Initialize                     text25       0135B
__end_of_TMR2_Initialize                       text26       01340
__end_of__Umul8_16                             text20       0143B
__end_of___fladd                               text17       00BB9
__end_of___fldiv                               text23       009AD
__end_of___fleq                                text22       0153D
__end_of___flge                                text21       01715
__end_of___flmul                               text19       01000
__end_of___flneg                               text18       0134B
__end_of___flsub                               text16       013F6
__end_of___fltol                               text15       0160B
__end_of___fpclassifyf                         text14       0168A
__end_of___xxtofl                              text24       000B7
__end_of__initialization                       cinit        007FD
__end_of_efgtoa                                text4        007EB
__end_of_floorf                                text13       01800
__end_of_fputc                                 text8        0159A
__end_of_fputs                                 text7        01489
__end_of_labs                                  text12       01384
__end_of_main                                  maintext     00DC5
__end_of_memcpy                                text11       01462
__end_of_pad                                   text6        014EF
__end_of_printf                                text1        0136F
__end_of_putch                                 text9        0131A
__end_of_strcpy                                text5        013B8
__end_of_vfpfcnvrt                             text3        001A2
__end_of_vfprintf                              text2        013D6
__initialization                               cinit        007EB
__pbssBANK1                                    bssBANK1     000EF
__pbssBANK2                                    bssBANK2     00120
__pbssBANK3                                    bssBANK3     001A0
__pcstackBANK0                                 cstackBANK0  00020
__pcstackBANK1                                 cstackBANK1  000A0
__pcstackBANK2                                 cstackBANK2  0013D
__pcstackCOMMON                                cstackCOMMON 00070
__pmaintext                                    maintext     00BB9
__pnvBANK2                                     nvBANK2      00149
__pstringtext1                                 stringtext1  01800
__pstringtext2                                 stringtext2  01819
__pstringtext3                                 stringtext3  0182A
__pstringtext4                                 stringtext4  0183B
__pstringtext5                                 stringtext5  01848
__pstringtext6                                 stringtext6  0184C
__pstringtext7                                 stringtext7  00000
__ptext1                                       text1        0135B
__ptext10                                      text10       01320
__ptext11                                      text11       0143B
__ptext12                                      text12       0136F
__ptext13                                      text13       01715
__ptext14                                      text14       0160B
__ptext15                                      text15       0159A
__ptext16                                      text16       013D6
__ptext17                                      text17       009AD
__ptext18                                      text18       01340
__ptext19                                      text19       00DC5
__ptext2                                       text2        013B8
__ptext20                                      text20       01418
__ptext21                                      text21       0168A
__ptext22                                      text22       014EF
__ptext23                                      text23       00803
__ptext24                                      text24       0000D
__ptext25                                      text25       0134B
__ptext26                                      text26       01335
__ptext27                                      text27       0132A
__ptext28                                      text28       01489
__ptext29                                      text29       00006
__ptext3                                       text3        000B7
__ptext30                                      text30       013F6
__ptext31                                      text31       0130E
__ptext32                                      text32       01308
__ptext33                                      text33       01302
__ptext34                                      text34       01384
__ptext4                                       text4        001A2
__ptext5                                       text5        0139D
__ptext6                                       text6        014BC
__ptext7                                       text7        01462
__ptext8                                       text8        0153D
__ptext9                                       text9        01314
_dbuf                                          bssBANK3     001A0
_efgtoa                                        text4        001A2
_efgtoa$1101                                   cstackBANK1  000B1
_eusartRxLastError                             bssBANK1     000EF
_flags                                         bssBANK2     00138
_floorf                                        text13       01715
_fputc                                         text8        0153D
_fputs                                         text7        01462
_labs                                          text12       0136F
_main                                          maintext     00BB9
_memcpy                                        text11       0143B
_pad                                           text6        014BC
_prec                                          bssBANK2     00136
_printf                                        text1        0135B
_putch                                         text9        01314
_strcpy                                        text5        0139D
_vfpfcnvrt                                     text3        000B7
_vfprintf                                      text2        013B8
_width                                         bssBANK2     00134
btemp                                          (abs)        0007E
clear_ram0                                     clrtext      0131A
efgtoa@c                                       cstackBANK1  000A6
efgtoa@d                                       cstackBANK1  000B6
efgtoa@e                                       cstackBANK1  000BA
efgtoa@f                                       cstackBANK1  000A2
efgtoa@fp                                      cstackBANK1  000A0
efgtoa@g                                       cstackBANK1  000CF
efgtoa@h                                       cstackBANK1  000C4
efgtoa@i                                       cstackBANK1  000C2
efgtoa@l                                       cstackBANK1  000C8
efgtoa@m                                       cstackBANK1  000B8
efgtoa@mode                                    cstackBANK1  000B4
efgtoa@n                                       cstackBANK1  000CD
efgtoa@ne                                      cstackBANK1  000AB
efgtoa@nmode                                   cstackBANK1  000B5
efgtoa@ou                                      cstackBANK1  000BE
efgtoa@p                                       cstackBANK1  000AD
efgtoa@pp                                      cstackBANK1  000B3
efgtoa@sign                                    cstackBANK1  000CC
efgtoa@t                                       cstackBANK1  000AF
efgtoa@u                                       cstackBANK1  000D3
efgtoa@w                                       cstackBANK1  000BC
end_of_initialization                          cinit        007FD
floorf@F521                                    bssBANK2     00120
floorf@e                                       cstackBANK0  0006A
floorf@m                                       cstackBANK0  00066
floorf@u                                       cstackBANK0  0006C
floorf@x                                       cstackBANK0  0005C
fputc@c                                        cstackCOMMON 00072
fputc@fp                                       cstackCOMMON 00074
fputs@c                                        cstackBANK0  00022
fputs@fp                                       cstackCOMMON 0007B
fputs@i                                        cstackBANK0  00023
fputs@s                                        cstackBANK0  00025
intlevel0                                      functab      00000
intlevel1                                      functab      00000
intlevel2                                      functab      00000
intlevel3                                      functab      00000
intlevel4                                      functab      00000
intlevel5                                      functab      00000
labs@a                                         cstackCOMMON 00070
main@distance                                  cstackBANK2  00145
main@time_taken                                cstackBANK2  00143
memcpy@d                                       cstackCOMMON 00076
memcpy@d1                                      cstackCOMMON 00075
memcpy@n                                       cstackCOMMON 00071
memcpy@s                                       cstackCOMMON 00077
memcpy@s1                                      cstackCOMMON 00070
memcpy@tmp                                     cstackCOMMON 00074
pad@buf                                        cstackBANK0  00028
pad@fp                                         cstackBANK0  00026
pad@i                                          cstackBANK0  0002B
pad@p                                          cstackBANK0  00029
printf@ap                                      cstackBANK1  000EE
printf@fmt                                     cstackBANK2  0013D
putch@txData                                   cstackCOMMON 00071
reset_vec                                      reset_vec    00000
start                                          init         00002
start_initialization                           cinit        007EB
strcpy@d                                       cstackCOMMON 00074
strcpy@dest                                    cstackCOMMON 00075
strcpy@src                                     cstackCOMMON 00070
vfpfcnvrt@ap                                   cstackBANK1  000DA
vfpfcnvrt@c                                    cstackBANK1  000E3
vfpfcnvrt@convarg                              cstackBANK1  000DF
vfpfcnvrt@cp                                   cstackBANK1  000E4
vfpfcnvrt@fmt                                  cstackBANK1  000D9
vfpfcnvrt@fp                                   cstackBANK1  000D7
vfprintf@ap                                    cstackBANK1  000EA
vfprintf@cfmt                                  cstackBANK1  000EC
vfprintf@fmt                                   cstackBANK1  000E8
vfprintf@fp                                    cstackBANK1  000E6
wtemp0                                         (abs)        0007E


MODULE INFORMATION

Module		Function		Class		Link	Load	Size
C:\Program Files\Microchip\xc8\v2.45\pic\sources\c99\common\fleq.c
		___fleq        		CODE           	14EF	0000	78

C:\Program Files\Microchip\xc8\v2.45\pic\sources\c99\common\fleq.c estimated size: 78

C:\Program Files\Microchip\xc8\v2.45\pic\sources\c99\common\memcpy.c
		_memcpy        		CODE           	143B	0000	39

C:\Program Files\Microchip\xc8\v2.45\pic\sources\c99\common\memcpy.c estimated size: 39

mcc_generated_files/tmr2.c
		_TMR2_Initialize		CODE           	1335	0000	11

mcc_generated_files/tmr2.c estimated size: 11

C:\Program Files\Microchip\xc8\v2.45\pic\sources\c99\common\flneg.c
		___flneg       		CODE           	1340	0000	11

C:\Program Files\Microchip\xc8\v2.45\pic\sources\c99\common\flneg.c estimated size: 11

mcc_generated_files/pin_manager.c
		_PIN_MANAGER_Initialize		CODE           	1489	0000	51

mcc_generated_files/pin_manager.c estimated size: 51

C:\Program Files\Microchip\xc8\v2.45\pic\sources\c99\common\printf.c
		_printf        		CODE           	135B	0000	20

C:\Program Files\Microchip\xc8\v2.45\pic\sources\c99\common\printf.c estimated size: 20

C:\Program Files\Microchip\xc8\v2.45\pic\sources\c99\common\sprcmul.c
		___flmul       		CODE           	0DC5	0000	571

C:\Program Files\Microchip\xc8\v2.45\pic\sources\c99\common\sprcmul.c estimated size: 571

C:\Program Files\Microchip\xc8\v2.45\pic\sources\c99\common\labs.c
		_labs          		CODE           	136F	0000	21

C:\Program Files\Microchip\xc8\v2.45\pic\sources\c99\common\labs.c estimated size: 21

C:\Program Files\Microchip\xc8\v2.45\pic\sources\c99\common\nf_fputs.c
		_fputs         		CODE           	1462	0000	39

C:\Program Files\Microchip\xc8\v2.45\pic\sources\c99\common\nf_fputs.c estimated size: 39

C:\Program Files\Microchip\xc8\v2.45\pic\sources\c99\common\sprcdiv.c
		___fldiv       		CODE           	0803	0000	426

C:\Program Files\Microchip\xc8\v2.45\pic\sources\c99\common\sprcdiv.c estimated size: 426

C:\Program Files\Microchip\xc8\v2.45\pic\sources\c99\common\floorf.c
		_floorf        		CODE           	1715	0000	235

C:\Program Files\Microchip\xc8\v2.45\pic\sources\c99\common\floorf.c estimated size: 235

C:\Program Files\Microchip\xc8\v2.45\pic\sources\c99\common\flge.c
		___flge        		CODE           	168A	0000	139

C:\Program Files\Microchip\xc8\v2.45\pic\sources\c99\common\flge.c estimated size: 139

shared
		__initialization		CODE           	07EB	0000	18

shared estimated size: 18

C:\Program Files\Microchip\xc8\v2.45\pic\sources\c99\common\xxtofl.c
		___xxtofl      		CODE           	000D	0000	170

C:\Program Files\Microchip\xc8\v2.45\pic\sources\c99\common\xxtofl.c estimated size: 170

mcc_generated_files/mcc.c
		_OSCILLATOR_Initialize		CODE           	0006	0000	7
		_SYSTEM_Initialize		CODE           	134B	0000	16

mcc_generated_files/mcc.c estimated size: 23

C:\Program Files\Microchip\xc8\v2.45\pic\sources\c99\common\__fpclassifyf.c
		___fpclassifyf 		CODE           	160B	0000	127

C:\Program Files\Microchip\xc8\v2.45\pic\sources\c99\common\__fpclassifyf.c estimated size: 127

mcc_generated_files/pwm3.c
		_PWM3_Initialize		CODE           	132A	0000	11
		_PWM3_LoadDutyValue		CODE           	1384	0000	25

mcc_generated_files/pwm3.c estimated size: 36

C:\Program Files\Microchip\xc8\v2.45\pic\sources\c99\common\strcpy.c
		_strcpy        		CODE           	139D	0000	27

C:\Program Files\Microchip\xc8\v2.45\pic\sources\c99\common\strcpy.c estimated size: 27

C:\Program Files\Microchip\xc8\v2.45\pic\sources\c99\common\Umul8_16.c
		__Umul8_16     		CODE           	1418	0000	35

C:\Program Files\Microchip\xc8\v2.45\pic\sources\c99\common\Umul8_16.c estimated size: 35

C:\Program Files\Microchip\xc8\v2.45\pic\sources\c99\common\sprcadd.c
		___flsub       		CODE           	13D6	0000	32
		___fladd       		CODE           	09AD	0000	524

C:\Program Files\Microchip\xc8\v2.45\pic\sources\c99\common\sprcadd.c estimated size: 556

mcc_generated_files/eusart.c
		_putch         		CODE           	1314	0000	6
		_EUSART_Write  		CODE           	1320	0000	10
		_EUSART_Initialize		CODE           	13F6	0000	34
		_EUSART_SetFramingErrorHandler		CODE           	1308	0000	6
		_EUSART_SetErrorHandler		CODE           	1302	0000	6
		_EUSART_SetOverrunErrorHandler		CODE           	130E	0000	6

mcc_generated_files/eusart.c estimated size: 68

main.c
		_main          		CODE           	0BB9	0000	524

main.c estimated size: 524

C:\Program Files\Microchip\xc8\v2.45\pic\sources\c99\common\nf_fputc.c
		_fputc         		CODE           	153D	0000	93

C:\Program Files\Microchip\xc8\v2.45\pic\sources\c99\common\nf_fputc.c estimated size: 93

C:\Program Files\Microchip\xc8\v2.45\pic\sources\c99\common\doprnt.c
		_vfpfcnvrt     		CODE           	00B7	0000	235
		_efgtoa        		CODE           	01A2	0000	1609
		_pad           		CODE           	14BC	0000	51
		_vfprintf      		CODE           	13B8	0000	30

C:\Program Files\Microchip\xc8\v2.45\pic\sources\c99\common\doprnt.c estimated size: 1925

C:\Program Files\Microchip\xc8\v2.45\pic\sources\c99\common\fltol.c
		___fltol       		CODE           	159A	0000	113

C:\Program Files\Microchip\xc8\v2.45\pic\sources\c99\common\fltol.c estimated size: 113

